// Vitest Snapshot v1, https://vitest.dev/guide/snapshot.html

exports[`ToolbarOptionToggle > should display correctly 1`] = `
<body>
  <div>
    <div
      class="flex text-sm text-spaceBlue"
    >
      Enable Entropy
      <div
        class="ml-auto"
      >
        <div>
          <div
            class="relative mr-2 inline-block w-8 select-none align-middle transition duration-200 ease-in"
          >
            <input
              class="absolute mt-0.5 block h-3 w-3 cursor-pointer appearance-none rounded-full bg-spaceBlue border-spaceBlue ml-0.5"
              id="entropy-id"
              name="entropy-name"
              type="checkbox"
            />
            <label
              class="block h-4 cursor-pointer overflow-hidden rounded-full border border-spaceBlue bg-white"
              for="entropy-name"
            />
          </div>
        </div>
      </div>
    </div>
  </div>
</body>
`;
